#-----------------------------------------------------------
# Vivado v2021.2 (64-bit)
# SW Build 3367213 on Tue Oct 19 02:48:09 MDT 2021
# IP Build 3369179 on Thu Oct 21 08:25:16 MDT 2021
# Start of session at: Tue Mar 29 13:58:10 2022
# Process ID: 17864
# Current directory: D:/studia_zadania/SystemyWbudowane/FPGA - sterowanie silnikiem/ES_DCMotor_BaseProj.xpr/ES_DCMotor_BaseProj
# Command line: vivado.exe -gui_launcher_event rodinguilauncherevent18556 D:\studia_zadania\SystemyWbudowane\FPGA - sterowanie silnikiem\ES_DCMotor_BaseProj.xpr\ES_DCMotor_BaseProj\ES_DCMotor_BaseProj.xpr
# Log file: D:/studia_zadania/SystemyWbudowane/FPGA - sterowanie silnikiem/ES_DCMotor_BaseProj.xpr/ES_DCMotor_BaseProj/vivado.log
# Journal file: D:/studia_zadania/SystemyWbudowane/FPGA - sterowanie silnikiem/ES_DCMotor_BaseProj.xpr/ES_DCMotor_BaseProj\vivado.jou
# Running On: DESKTOP-948FMA1, OS: Windows, CPU Frequency: 2592 MHz, CPU Physical cores: 4, Host memory: 17053 MB
#-----------------------------------------------------------
start_gui
open_project {D:/studia_zadania/SystemyWbudowane/FPGA - sterowanie silnikiem/ES_DCMotor_BaseProj.xpr/ES_DCMotor_BaseProj/ES_DCMotor_BaseProj.xpr}
